\BOOKMARK [1][-]{chapter*.1}{\376\377\004\023\004\073\004\076\004\101\004\101\004\060\004\100\004\070\004\071}{}% 1
\BOOKMARK [1][-]{Item.16}{\376\377\004\022\004\062\004\065\004\064\004\065\004\075\004\070\004\065}{}% 2
\BOOKMARK [1][-]{Item.16}{\376\377\004\036\004\101\004\075\004\076\004\062\004\060\004\075\004\070\004\117\000\040\004\064\004\073\004\117\000\040\004\100\004\060\004\067\004\100\004\060\004\061\004\076\004\102\004\072\004\070}{}% 3
\BOOKMARK [1][-]{Item.16}{\376\377\004\035\004\060\004\067\004\075\004\060\004\107\004\065\004\075\004\070\004\065\000\040\004\100\004\060\004\067\004\100\004\060\004\061\004\076\004\102\004\072\004\070}{}% 4
\BOOKMARK [1][-]{Item.16}{\376\377\004\041\004\103\004\111\004\065\004\101\004\102\004\062\004\103\004\116\004\111\004\070\004\065\000\040\004\060\004\075\004\060\004\073\004\076\004\063\004\070}{}% 5
\BOOKMARK [1][-]{Item.19}{\376\377\004\036\004\077\004\070\004\101\004\060\004\075\004\070\004\065\000\040\004\101\004\070\004\101\004\102\004\065\004\074\004\113}{}% 6
\BOOKMARK [1][-]{Item.19}{\376\377\004\042\004\100\004\065\004\061\004\076\004\062\004\060\004\075\004\070\004\117\000\040\004\072\000\040\004\104\004\103\004\075\004\072\004\106\004\070\004\076\004\075\004\060\004\073\004\114\004\075\004\113\004\074\000\040\004\105\004\060\004\100\004\060\004\072\004\102\004\065\004\100\004\070\004\101\004\102\004\070\004\072\004\060\004\074}{}% 7
\BOOKMARK [1][-]{Item.25}{\376\377\004\044\004\103\004\075\004\072\004\106\004\070\004\076\004\075\004\060\004\073\004\114\004\075\004\113\004\065\000\040\004\102\004\100\004\065\004\061\004\076\004\062\004\060\004\075\004\070\004\117\000\040\004\072\000\040\004\077\004\076\004\100\004\102\004\060\004\073\004\103\000\040\004\101\000\040\004\102\004\076\004\107\004\072\004\070\000\040\004\067\004\100\004\065\004\075\004\070\004\117\000\040\004\077\004\076\004\073\004\114\004\067\004\076\004\062\004\060\004\102\004\065\004\073\004\117}{}% 8
\BOOKMARK [1][-]{Item.31}{\376\377\004\022\004\105\004\076\004\064\004\075\004\113\004\065\000\040\004\064\004\060\004\075\004\075\004\113\004\065}{}% 9
\BOOKMARK [1][-]{table.0.1}{\376\377\004\022\004\113\004\105\004\076\004\064\004\075\004\113\004\065\000\040\004\077\004\060\004\100\004\060\004\074\004\065\004\102\004\100\004\113}{}% 10
\BOOKMARK [1][-]{table.0.2}{\376\377\004\042\004\076\004\077\004\076\004\073\004\076\004\063\004\070\004\117\000\040\004\101\004\070\004\101\004\102\004\065\004\074\004\113}{}% 11
\BOOKMARK [1][-]{Item.38}{\376\377\004\042\004\100\004\065\004\061\004\076\004\062\004\060\004\075\004\070\004\117\000\040\004\077\004\076\000\040\004\100\004\065\004\060\004\073\004\070\004\067\004\060\004\106\004\070\004\070\000\040\004\101\004\076\000\040\004\101\004\102\004\076\004\100\004\076\004\075\004\113\000\040\004\067\004\060\004\072\004\060\004\067\004\107\004\070\004\072\004\060}{}% 12
\BOOKMARK [1][-]{Item.48}{\376\377\004\044\004\103\004\075\004\072\004\106\004\070\004\076\004\075\004\060\004\073\004\114\004\075\004\113\004\065\000\040\004\102\004\100\004\065\004\061\004\076\004\062\004\060\004\075\004\070\004\117\000\040\004\077\004\076\000\040\004\077\004\076\004\064\004\101\004\070\004\101\004\102\004\065\004\074\004\060\004\074}{}% 13
\BOOKMARK [1][-]{Item.52}{\376\377\004\041\004\106\004\065\004\075\004\060\004\100\004\070\004\071\000\040\004\062\004\067\004\060\004\070\004\074\004\076\004\064\004\065\004\071\004\101\004\102\004\062\004\070\004\117\000\040\004\104\004\100\004\076\004\075\004\102\004\065\004\075\004\064\004\060\000\040\004\070\000\040\004\061\004\065\004\072\004\065\004\075\004\064\004\076\004\062}{}% 14
\BOOKMARK [1][-]{Item.55}{\376\377\004\041\004\106\004\065\004\075\004\060\004\100\004\070\004\071\000\040\004\062\004\067\004\060\004\070\004\074\004\076\004\064\004\065\004\071\004\101\004\102\004\062\004\070\004\117\000\040\004\061\004\065\004\072\004\065\004\075\004\064\004\076\004\062}{}% 15
\BOOKMARK [1][-]{Item.72}{\376\377\004\037\004\076\004\073\004\114\004\067\004\076\004\062\004\060\004\102\004\065\004\073\004\114\004\101\004\072\004\070\004\071\000\040\004\070\004\075\004\102\004\065\004\100\004\104\004\065\004\071\004\101}{}% 16
\BOOKMARK [1][-]{Item.75}{\376\377\004\042\004\100\004\065\004\061\004\076\004\062\004\060\004\075\004\070\004\117\000\040\004\072\000\040\004\064\004\070\004\067\004\060\004\071\004\075\004\103}{}% 17
\BOOKMARK [1][-]{Item.91}{\376\377\004\042\004\100\004\065\004\061\004\076\004\062\004\060\004\075\004\070\004\117\000\040\004\072\000\040\004\101\004\076\004\101\004\102\004\060\004\062\004\103\000\040\004\070\000\040\004\077\004\060\004\100\004\060\004\074\004\065\004\102\004\100\004\060\004\074\000\040\004\102\004\065\004\105\004\075\004\070\004\107\004\065\004\101\004\072\004\070\004\105\000\040\004\101\004\100\004\065\004\064\004\101\004\102\004\062}{}% 18
\BOOKMARK [1][-]{Item.91}{\376\377\004\042\004\100\004\065\004\061\004\076\004\062\004\060\004\075\004\070\004\117\000\040\004\072\000\040\004\075\004\060\004\064\004\065\004\066\004\075\004\076\004\101\004\102\004\070}{}% 19
\BOOKMARK [1][-]{Item.91}{\376\377\004\042\004\100\004\065\004\061\004\076\004\062\004\060\004\075\004\070\004\117\000\040\004\072\000\040\004\064\004\076\004\072\004\103\004\074\004\065\004\075\004\102\004\060\004\106\004\070\004\070}{}% 20
\BOOKMARK [0][-]{chapter*.3}{\376\377\004\037\004\100\004\076\004\065\004\072\004\102\004\070\004\100\004\076\004\062\004\060\004\075\004\070\004\065\000\040\004\101\004\070\004\101\004\102\004\065\004\074\004\113}{}% 21
\BOOKMARK [1][-]{section*.4}{\376\377\004\032\004\076\004\075\004\106\004\065\004\077\004\102\004\103\004\060\004\073\004\114\004\075\004\113\004\071\000\040\004\064\004\070\004\067\004\060\004\071\004\075}{chapter*.3}% 22
\BOOKMARK [2][-]{section*.4}{\376\377\004\032\004\076\004\075\004\106\004\065\004\077\004\102\004\103\004\060\004\073\004\114\004\075\004\060\004\117\000\040\004\074\004\076\004\064\004\065\004\073\004\114\000\040\004\101\004\070\004\101\004\102\004\065\004\074\004\113\000\040\004\062\000\040\004\075\004\076\004\102\004\060\004\106\004\070\004\070\000\040\000I\000D\000E\000F\0000}{chapter*.3}% 23
\BOOKMARK [1][-]{figure.caption.6}{\376\377\004\041\004\106\004\065\004\075\004\060\004\100\004\070\004\070\000\040\004\104\004\103\004\075\004\072\004\106\004\070\004\076\004\075\004\070\004\100\004\076\004\062\004\060\004\075\004\070\004\117\000\040\004\101\004\070\004\101\004\102\004\065\004\074\004\113}{chapter*.3}% 24
\BOOKMARK [1][-]{Item.126}{\376\377\004\024\004\070\004\060\004\063\004\100\004\060\004\074\004\074\004\113\000\040\004\077\004\100\004\065\004\106\004\065\004\064\004\065\004\075\004\102\004\076\004\062}{chapter*.3}% 25
\BOOKMARK [1][-]{figure.caption.7}{\376\377\004\041\004\077\004\065\004\106\004\070\004\104\004\070\004\072\004\060\004\106\004\070\004\117\000\040\004\101\004\106\004\065\004\075\004\060\004\100\004\070\004\117\000\040\000<\000<\004\100\004\065\004\063\004\070\004\101\004\102\004\100\004\060\004\106\004\070\004\117\000\040\004\077\004\076\004\073\004\114\004\067\004\076\004\062\004\060\004\102\004\065\004\073\004\117\000>\000>}{chapter*.3}% 26
\BOOKMARK [1][-]{figure.caption.8}{\376\377\004\041\004\077\004\065\004\106\004\070\004\104\004\070\004\072\004\060\004\106\004\070\004\117\000\040\004\101\004\106\004\065\004\075\004\060\004\100\004\070\004\117\000\040\000<\000<\004\060\004\062\004\102\004\076\004\100\004\070\004\067\004\060\004\106\004\070\004\117\000\040\004\077\004\076\004\073\004\114\004\067\004\076\004\062\004\060\004\102\004\065\004\073\004\117\000>\000>}{chapter*.3}% 27
\BOOKMARK [1][-]{figure.caption.9}{\376\377\004\041\004\077\004\065\004\106\004\070\004\104\004\070\004\072\004\060\004\106\004\070\004\117\000\040\004\101\004\106\004\065\004\075\004\060\004\100\004\070\004\117\000\040\000<\000<\004\077\004\076\004\072\004\103\004\077\004\072\004\060\000\040\004\061\004\070\004\073\004\065\004\102\004\060\000>\000>}{chapter*.3}% 28
\BOOKMARK [1][-]{table.0.7}{\376\377\004\033\004\076\004\063\004\070\004\107\004\065\004\101\004\072\004\070\004\071\000\040\004\064\004\070\004\067\004\060\004\071\004\075}{chapter*.3}% 29
\BOOKMARK [2][-]{section*.10}{\376\377\004\024\004\070\004\060\004\063\004\100\004\060\004\074\004\074\004\113\000\040\004\072\004\073\004\060\004\101\004\101\004\076\004\062}{table.0.7}% 30
\BOOKMARK [2][-]{subsubsection*.24}{\376\377\004\024\004\070\004\060\004\063\004\100\004\060\004\074\004\074\004\060\000\040\004\064\004\065\004\071\004\101\004\102\004\062\004\070\004\071}{table.0.7}% 31
\BOOKMARK [2][-]{figure.caption.25}{\376\377\004\024\004\070\004\060\004\063\004\100\004\060\004\074\004\074\004\060\000\040\004\077\004\076\004\101\004\073\004\065\004\064\004\076\004\062\004\060\004\102\004\065\004\073\004\114\004\075\004\076\004\101\004\102\004\070\000\040\004\064\004\065\004\071\004\101\004\102\004\062\004\070\004\071}{table.0.7}% 32
\BOOKMARK [2][-]{figure.caption.26}{\376\377\004\024\004\070\004\060\004\063\004\100\004\060\004\074\004\074\004\060\000\040\004\077\004\076\004\102\004\076\004\072\004\076\004\062\000\040\004\064\004\060\004\075\004\075\004\113\004\105}{table.0.7}% 33
\BOOKMARK [1][-]{figure.caption.27}{\376\377\004\022\004\113\004\101\004\076\004\072\004\076\004\103\004\100\004\076\004\062\004\075\004\065\004\062\004\113\004\071\000\040\004\064\004\070\004\067\004\060\004\071\004\075\000\040\004\077\004\076\004\073\004\114\004\067\004\076\004\062\004\060\004\102\004\065\004\073\004\114\004\101\004\072\004\076\004\063\004\076\000\040\004\070\004\075\004\102\004\065\004\100\004\104\004\065\004\071\004\101\004\060}{chapter*.3}% 34
\BOOKMARK [1][-]{figure.caption.33}{\376\377\004\044\004\070\004\067\004\070\004\107\004\065\004\101\004\072\004\070\004\071\000\040\004\064\004\070\004\067\004\060\004\071\004\075}{chapter*.3}% 35
\BOOKMARK [2][-]{section*.34}{\376\377\004\022\004\113\004\061\004\076\004\100\000\040\004\101\004\070\004\101\004\102\004\065\004\074\004\113\000\040\004\100\004\060\004\067\004\062\004\065\004\100\004\102\004\113\004\062\004\060\004\075\004\070\004\117\000\040\004\072\004\076\004\074\004\077\004\076\004\075\004\065\004\075\004\102\004\076\004\062\000\040\004\100\004\060\004\101\004\077\004\100\004\065\004\064\004\065\004\073\004\065\004\075\004\075\004\076\004\071\000\040\004\101\004\070\004\101\004\102\004\065\004\074\004\113}{figure.caption.33}% 36
\BOOKMARK [2][-]{Item.129}{\376\377\004\022\004\113\004\061\004\076\004\100\000\040\004\076\004\077\004\065\004\100\004\060\004\106\004\070\004\076\004\075\004\075\004\076\004\071\000\040\004\101\004\070\004\101\004\102\004\065\004\074\004\113}{figure.caption.33}% 37
\BOOKMARK [2][-]{Item.129}{\376\377\004\022\004\113\004\061\004\076\004\100\000\040\004\041\004\043\004\021\004\024}{figure.caption.33}% 38
\BOOKMARK [2][-]{Item.129}{\376\377\004\036\004\061\004\065\004\101\004\077\004\065\004\107\004\065\004\075\004\070\004\065\000\040\004\075\004\060\004\064\004\065\004\066\004\075\004\076\004\101\004\102\004\070\000\040\004\077\004\076\004\100\004\102\004\060\004\073\004\060}{figure.caption.33}% 39
